// Jest Snapshot v1, https://goo.gl/fbAQLP

exports[`renders correctly 1`] = `
<li
  className="media list-group-item p-4"
>
  <div
    className="input-group"
  >
    <input
      className="form-control"
      onChange={[Function]}
      placeholder="Search for a blog post"
      type="text"
      value=""
    />
  </div>
</li>
`;
